> Task :greeting-plugin:compileJava
> Task :greeting-plugin:pluginDescriptors
> Task :greeting-plugin:processResources
> Task :greeting-plugin:classes
> Task :greeting-plugin:compileFunctionalTestJava
> Task :greeting-plugin:processFunctionalTestResources NO-SOURCE
> Task :greeting-plugin:functionalTestClasses
> Task :greeting-plugin:pluginUnderTestMetadata
> Task :greeting-plugin:functionalTest
> Task :greeting-plugin:compileTestJava
> Task :greeting-plugin:processTestResources NO-SOURCE
> Task :greeting-plugin:testClasses

> Task :greeting-plugin:test

> Task :greeting-plugin:validatePlugins
> Task :greeting-plugin:check

BUILD SUCCESSFUL in 0s
9 actionable tasks: 9 executed
