Project name: archivesChangedBaseName
gradle-1.0.zip
gradle-wrapper-1.0-src.zip
